2026-08-09 20:14:51.908: [INFO] CurrentProfilePath: C:\Users\16184\Desktop\TFPDManagerDB\.metadata\.plugins\org.eclipse.swt\EBWebView\Default
2026-08-09 20:14:51.908: [INFO] Profiles total count: 1
2026-08-09 20:14:51.908: [INFO] Profile: name=Profile 1 path=C:\Users\16184\Desktop\TFPDManagerDB\.metadata\.plugins\org.eclipse.swt\EBWebView\Default lastActive=null
2026-08-09 20:14:51.908: [INFO] LastUsedProfileDir: C:\Users\16184\Desktop\TFPDManagerDB\.metadata\.plugins\org.eclipse.swt\EBWebView\Default
2026-08-09 20:14:51.908: [INFO] OnDoneLoading sync enabled: 0
2026-08-09 20:14:51.908: [INFO] BookmarkModelLoaded, ids_reassigned: 0
2026-08-09 20:14:51.908: [INFO] BookmarksLoadDropped droppedNodes=0
2026-08-09 20:14:51.908: [INFO] BookmarksSnapshot Startup total=0 bar=0 other=0 mobile=0 showBar=0 showBarNTP=1
2026-08-09 20:15:05.022: [INFO] BookmarksSnapshot Shutdown total=0 bar=0 other=0 mobile=0 showBar=0 showBarNTP=1
2026-08-09 20:15:06.679: [INFO] CurrentProfilePath: C:\Users\16184\Desktop\TFPDManagerDB\.metadata\.plugins\org.eclipse.swt\EBWebView\Default
2026-08-09 20:15:06.679: [INFO] Profiles total count: 1
2026-08-09 20:15:06.680: [INFO] Profile: name=Profile 1 path=C:\Users\16184\Desktop\TFPDManagerDB\.metadata\.plugins\org.eclipse.swt\EBWebView\Default lastActive=2026-08-09T20:14:52.446Z
2026-08-09 20:15:06.680: [INFO] LastUsedProfileDir: C:\Users\16184\Desktop\TFPDManagerDB\.metadata\.plugins\org.eclipse.swt\EBWebView\Default
2026-08-09 20:15:06.681: [INFO] MostRecentlyActiveProfile: name=Profile 1 path=C:\Users\16184\Desktop\TFPDManagerDB\.metadata\.plugins\org.eclipse.swt\EBWebView\Default lastActive=2026-08-09T20:14:52.446Z
2026-08-09 20:15:06.681: [INFO] OnDoneLoading sync enabled: 0
2026-08-09 20:15:06.681: [INFO] BookmarkModelLoaded, ids_reassigned: 0
2026-08-09 20:15:06.681: [INFO] BookmarksLoadDropped droppedNodes=0
2026-08-09 20:15:06.681: [INFO] BookmarksSnapshot Startup total=0 bar=0 other=0 mobile=0 showBar=0 showBarNTP=1
2026-08-09 20:18:42.252: [INFO] BookmarksSnapshot Shutdown total=0 bar=0 other=0 mobile=0 showBar=0 showBarNTP=1
2026-08-09 20:19:05.125: [INFO] CurrentProfilePath: C:\Users\16184\Desktop\TFPDManagerDB\.metadata\.plugins\org.eclipse.swt\EBWebView\Default
2026-08-09 20:19:05.125: [INFO] Profiles total count: 1
2026-08-09 20:19:05.126: [INFO] Profile: name=Profile 1 path=C:\Users\16184\Desktop\TFPDManagerDB\.metadata\.plugins\org.eclipse.swt\EBWebView\Default lastActive=2026-08-09T20:16:23.612Z
2026-08-09 20:19:05.126: [INFO] LastUsedProfileDir: C:\Users\16184\Desktop\TFPDManagerDB\.metadata\.plugins\org.eclipse.swt\EBWebView\Default
2026-08-09 20:19:05.126: [INFO] MostRecentlyActiveProfile: name=Profile 1 path=C:\Users\16184\Desktop\TFPDManagerDB\.metadata\.plugins\org.eclipse.swt\EBWebView\Default lastActive=2026-08-09T20:16:23.612Z
2026-08-09 20:19:05.126: [INFO] OnDoneLoading sync enabled: 0
2026-08-09 20:19:05.126: [INFO] BookmarkModelLoaded, ids_reassigned: 0
2026-08-09 20:19:05.126: [INFO] BookmarksLoadDropped droppedNodes=0
2026-08-09 20:19:05.126: [INFO] BookmarksSnapshot Startup total=0 bar=0 other=0 mobile=0 showBar=0 showBarNTP=1
2026-08-09 20:19:37.933: [INFO] BookmarksSnapshot Shutdown total=0 bar=0 other=0 mobile=0 showBar=0 showBarNTP=1
2026-08-09 20:19:58.500: [INFO] CurrentProfilePath: C:\Users\16184\Desktop\TFPDManagerDB\.metadata\.plugins\org.eclipse.swt\EBWebView\Default
2026-08-09 20:19:58.500: [INFO] Profiles total count: 1
2026-08-09 20:19:58.501: [INFO] Profile: name=Profile 1 path=C:\Users\16184\Desktop\TFPDManagerDB\.metadata\.plugins\org.eclipse.swt\EBWebView\Default lastActive=2026-08-09T20:19:07.467Z
2026-08-09 20:19:58.501: [INFO] LastUsedProfileDir: C:\Users\16184\Desktop\TFPDManagerDB\.metadata\.plugins\org.eclipse.swt\EBWebView\Default
2026-08-09 20:19:58.501: [INFO] MostRecentlyActiveProfile: name=Profile 1 path=C:\Users\16184\Desktop\TFPDManagerDB\.metadata\.plugins\org.eclipse.swt\EBWebView\Default lastActive=2026-08-09T20:19:07.467Z
2026-08-09 20:19:58.501: [INFO] OnDoneLoading sync enabled: 0
2026-08-09 20:19:58.501: [INFO] BookmarkModelLoaded, ids_reassigned: 0
2026-08-09 20:19:58.501: [INFO] BookmarksLoadDropped droppedNodes=0
2026-08-09 20:19:58.501: [INFO] BookmarksSnapshot Startup total=0 bar=0 other=0 mobile=0 showBar=0 showBarNTP=1
2026-08-09 20:20:53.223: [INFO] BookmarksSnapshot Shutdown total=0 bar=0 other=0 mobile=0 showBar=0 showBarNTP=1
2026-08-09 20:31:37.162: [INFO] CurrentProfilePath: C:\Users\16184\Desktop\TFPDManagerDB\.metadata\.plugins\org.eclipse.swt\EBWebView\Default
2026-08-09 20:31:37.162: [INFO] Profiles total count: 1
2026-08-09 20:31:37.163: [INFO] Profile: name=Profile 1 path=C:\Users\16184\Desktop\TFPDManagerDB\.metadata\.plugins\org.eclipse.swt\EBWebView\Default lastActive=2026-08-09T20:20:51.953Z
2026-08-09 20:31:37.163: [INFO] LastUsedProfileDir: C:\Users\16184\Desktop\TFPDManagerDB\.metadata\.plugins\org.eclipse.swt\EBWebView\Default
2026-08-09 20:31:37.163: [INFO] MostRecentlyActiveProfile: name=Profile 1 path=C:\Users\16184\Desktop\TFPDManagerDB\.metadata\.plugins\org.eclipse.swt\EBWebView\Default lastActive=2026-08-09T20:20:51.953Z
2026-08-09 20:31:37.163: [INFO] OnDoneLoading sync enabled: 0
2026-08-09 20:31:37.163: [INFO] BookmarkModelLoaded, ids_reassigned: 0
2026-08-09 20:31:37.163: [INFO] BookmarksLoadDropped droppedNodes=0
2026-08-09 20:31:37.163: [INFO] BookmarksSnapshot Startup total=0 bar=0 other=0 mobile=0 showBar=0 showBarNTP=1
2026-08-09 20:42:14.775: [INFO] BookmarksSnapshot Shutdown total=0 bar=0 other=0 mobile=0 showBar=0 showBarNTP=1
2026-08-09 20:45:16.607: [INFO] CurrentProfilePath: C:\Users\16184\Desktop\TFPDManagerDB\.metadata\.plugins\org.eclipse.swt\EBWebView\Default
2026-08-09 20:45:16.607: [INFO] Profiles total count: 1
2026-08-09 20:45:16.610: [INFO] Profile: name=Profile 1 path=C:\Users\16184\Desktop\TFPDManagerDB\.metadata\.plugins\org.eclipse.swt\EBWebView\Default lastActive=2026-08-09T20:20:51.953Z
2026-08-09 20:45:16.610: [INFO] LastUsedProfileDir: C:\Users\16184\Desktop\TFPDManagerDB\.metadata\.plugins\org.eclipse.swt\EBWebView\Default
2026-08-09 20:45:16.611: [INFO] MostRecentlyActiveProfile: name=Profile 1 path=C:\Users\16184\Desktop\TFPDManagerDB\.metadata\.plugins\org.eclipse.swt\EBWebView\Default lastActive=2026-08-09T20:20:51.953Z
2026-08-09 20:45:16.611: [INFO] OnDoneLoading sync enabled: 0
2026-08-09 20:45:16.611: [INFO] BookmarkModelLoaded, ids_reassigned: 0
2026-08-09 20:45:16.611: [INFO] BookmarksLoadDropped droppedNodes=0
2026-08-09 20:45:16.611: [INFO] BookmarksSnapshot Startup total=0 bar=0 other=0 mobile=0 showBar=0 showBarNTP=1
2026-08-09 20:45:27.531: [INFO] BookmarksSnapshot Shutdown total=0 bar=0 other=0 mobile=0 showBar=0 showBarNTP=1
2026-08-10 15:33:32.385: [INFO] CurrentProfilePath: C:\Users\16184\Desktop\TFPDManagerDB\.metadata\.plugins\org.eclipse.swt\EBWebView\Default
2026-08-10 15:33:32.385: [INFO] Profiles total count: 1
2026-08-10 15:33:32.387: [INFO] Profile: name=Profile 1 path=C:\Users\16184\Desktop\TFPDManagerDB\.metadata\.plugins\org.eclipse.swt\EBWebView\Default lastActive=2026-08-09T20:45:26.255Z
2026-08-10 15:33:32.387: [INFO] LastUsedProfileDir: C:\Users\16184\Desktop\TFPDManagerDB\.metadata\.plugins\org.eclipse.swt\EBWebView\Default
2026-08-10 15:33:32.387: [INFO] MostRecentlyActiveProfile: name=Profile 1 path=C:\Users\16184\Desktop\TFPDManagerDB\.metadata\.plugins\org.eclipse.swt\EBWebView\Default lastActive=2026-08-09T20:45:26.255Z
2026-08-10 15:33:32.387: [INFO] OnDoneLoading sync enabled: 0
2026-08-10 15:33:32.387: [INFO] BookmarkModelLoaded, ids_reassigned: 0
2026-08-10 15:33:32.387: [INFO] BookmarksLoadDropped droppedNodes=0
2026-08-10 15:33:32.387: [INFO] BookmarksSnapshot Startup total=0 bar=0 other=0 mobile=0 showBar=0 showBarNTP=1
2026-08-10 15:45:04.894: [INFO] BookmarksSnapshot Shutdown total=0 bar=0 other=0 mobile=0 showBar=0 showBarNTP=1
2026-08-10 15:46:38.888: [INFO] CurrentProfilePath: C:\Users\16184\Desktop\TFPDManagerDB\.metadata\.plugins\org.eclipse.swt\EBWebView\Default
2026-08-10 15:46:38.888: [INFO] Profiles total count: 1
2026-08-10 15:46:38.889: [INFO] Profile: name=Profile 1 path=C:\Users\16184\Desktop\TFPDManagerDB\.metadata\.plugins\org.eclipse.swt\EBWebView\Default lastActive=2026-08-09T20:45:26.255Z
2026-08-10 15:46:38.889: [INFO] LastUsedProfileDir: C:\Users\16184\Desktop\TFPDManagerDB\.metadata\.plugins\org.eclipse.swt\EBWebView\Default
2026-08-10 15:46:38.889: [INFO] MostRecentlyActiveProfile: name=Profile 1 path=C:\Users\16184\Desktop\TFPDManagerDB\.metadata\.plugins\org.eclipse.swt\EBWebView\Default lastActive=2026-08-09T20:45:26.255Z
2026-08-10 15:46:38.889: [INFO] OnDoneLoading sync enabled: 0
2026-08-10 15:46:38.889: [INFO] BookmarkModelLoaded, ids_reassigned: 0
2026-08-10 15:46:38.889: [INFO] BookmarksLoadDropped droppedNodes=0
2026-08-10 15:46:38.889: [INFO] BookmarksSnapshot Startup total=0 bar=0 other=0 mobile=0 showBar=0 showBarNTP=1
2026-08-10 15:47:49.761: [INFO] BookmarksSnapshot Shutdown total=0 bar=0 other=0 mobile=0 showBar=0 showBarNTP=1
2026-08-10 16:03:48.615: [INFO] CurrentProfilePath: C:\Users\16184\Desktop\TFPDManagerDB\.metadata\.plugins\org.eclipse.swt\EBWebView\Default
2026-08-10 16:03:48.615: [INFO] Profiles total count: 1
2026-08-10 16:03:48.615: [INFO] Profile: name=Profile 1 path=C:\Users\16184\Desktop\TFPDManagerDB\.metadata\.plugins\org.eclipse.swt\EBWebView\Default lastActive=2026-08-09T20:45:26.255Z
2026-08-10 16:03:48.615: [INFO] LastUsedProfileDir: C:\Users\16184\Desktop\TFPDManagerDB\.metadata\.plugins\org.eclipse.swt\EBWebView\Default
2026-08-10 16:03:48.616: [INFO] MostRecentlyActiveProfile: name=Profile 1 path=C:\Users\16184\Desktop\TFPDManagerDB\.metadata\.plugins\org.eclipse.swt\EBWebView\Default lastActive=2026-08-09T20:45:26.255Z
2026-08-10 16:03:48.616: [INFO] OnDoneLoading sync enabled: 0
2026-08-10 16:03:48.616: [INFO] BookmarkModelLoaded, ids_reassigned: 0
2026-08-10 16:03:48.616: [INFO] BookmarksLoadDropped droppedNodes=0
2026-08-10 16:03:48.616: [INFO] BookmarksSnapshot Startup total=0 bar=0 other=0 mobile=0 showBar=0 showBarNTP=1
2026-08-10 16:12:22.256: [INFO] BookmarksSnapshot Shutdown total=0 bar=0 other=0 mobile=0 showBar=0 showBarNTP=1
2026-08-10 16:12:22.366: [INFO] CurrentProfilePath: C:\Users\16184\Desktop\TFPDManagerDB\.metadata\.plugins\org.eclipse.swt\EBWebView\Default
2026-08-10 16:12:22.366: [INFO] Profiles total count: 1
2026-08-10 16:12:22.366: [INFO] Profile: name=Profile 1 path=C:\Users\16184\Desktop\TFPDManagerDB\.metadata\.plugins\org.eclipse.swt\EBWebView\Default lastActive=2026-08-09T20:45:26.255Z
2026-08-10 16:12:22.366: [INFO] LastUsedProfileDir: C:\Users\16184\Desktop\TFPDManagerDB\.metadata\.plugins\org.eclipse.swt\EBWebView\Default
2026-08-10 16:12:22.366: [INFO] MostRecentlyActiveProfile: name=Profile 1 path=C:\Users\16184\Desktop\TFPDManagerDB\.metadata\.plugins\org.eclipse.swt\EBWebView\Default lastActive=2026-08-09T20:45:26.255Z
2026-08-10 16:12:22.366: [INFO] OnDoneLoading sync enabled: 0
2026-08-10 16:12:22.366: [INFO] BookmarkModelLoaded, ids_reassigned: 0
2026-08-10 16:12:22.366: [INFO] BookmarksLoadDropped droppedNodes=0
2026-08-10 16:12:22.366: [INFO] BookmarksSnapshot Startup total=0 bar=0 other=0 mobile=0 showBar=0 showBarNTP=1
2026-08-10 16:16:58.623: [INFO] BookmarksSnapshot Shutdown total=0 bar=0 other=0 mobile=0 showBar=0 showBarNTP=1
2026-08-10 16:16:58.696: [INFO] CurrentProfilePath: C:\Users\16184\Desktop\TFPDManagerDB\.metadata\.plugins\org.eclipse.swt\EBWebView\Default
2026-08-10 16:16:58.696: [INFO] Profiles total count: 1
2026-08-10 16:16:58.696: [INFO] Profile: name=Profile 1 path=C:\Users\16184\Desktop\TFPDManagerDB\.metadata\.plugins\org.eclipse.swt\EBWebView\Default lastActive=2026-08-09T20:45:26.255Z
2026-08-10 16:16:58.696: [INFO] LastUsedProfileDir: C:\Users\16184\Desktop\TFPDManagerDB\.metadata\.plugins\org.eclipse.swt\EBWebView\Default
2026-08-10 16:16:58.696: [INFO] MostRecentlyActiveProfile: name=Profile 1 path=C:\Users\16184\Desktop\TFPDManagerDB\.metadata\.plugins\org.eclipse.swt\EBWebView\Default lastActive=2026-08-09T20:45:26.255Z
2026-08-10 16:16:58.696: [INFO] OnDoneLoading sync enabled: 0
2026-08-10 16:16:58.696: [INFO] BookmarkModelLoaded, ids_reassigned: 0
2026-08-10 16:16:58.696: [INFO] BookmarksLoadDropped droppedNodes=0
2026-08-10 16:16:58.696: [INFO] BookmarksSnapshot Startup total=0 bar=0 other=0 mobile=0 showBar=0 showBarNTP=1
2026-08-10 16:38:27.528: [INFO] BookmarksSnapshot Shutdown total=0 bar=0 other=0 mobile=0 showBar=0 showBarNTP=1
2026-08-10 16:45:39.966: [INFO] CurrentProfilePath: C:\Users\16184\Desktop\TFPDManagerDB\.metadata\.plugins\org.eclipse.swt\EBWebView\Default
2026-08-10 16:45:39.966: [INFO] Profiles total count: 1
2026-08-10 16:45:39.967: [INFO] Profile: name=Profile 1 path=C:\Users\16184\Desktop\TFPDManagerDB\.metadata\.plugins\org.eclipse.swt\EBWebView\Default lastActive=2026-08-09T20:45:26.255Z
2026-08-10 16:45:39.967: [INFO] LastUsedProfileDir: C:\Users\16184\Desktop\TFPDManagerDB\.metadata\.plugins\org.eclipse.swt\EBWebView\Default
2026-08-10 16:45:39.967: [INFO] MostRecentlyActiveProfile: name=Profile 1 path=C:\Users\16184\Desktop\TFPDManagerDB\.metadata\.plugins\org.eclipse.swt\EBWebView\Default lastActive=2026-08-09T20:45:26.255Z
2026-08-10 16:45:39.967: [INFO] OnDoneLoading sync enabled: 0
2026-08-10 16:45:39.967: [INFO] BookmarkModelLoaded, ids_reassigned: 0
2026-08-10 16:45:39.967: [INFO] BookmarksLoadDropped droppedNodes=0
2026-08-10 16:45:39.967: [INFO] BookmarksSnapshot Startup total=0 bar=0 other=0 mobile=0 showBar=0 showBarNTP=1
2026-08-10 17:00:02.482: [INFO] BookmarksSnapshot Shutdown total=0 bar=0 other=0 mobile=0 showBar=0 showBarNTP=1
2026-08-10 17:09:36.594: [INFO] CurrentProfilePath: C:\Users\16184\Desktop\TFPDManagerDB\.metadata\.plugins\org.eclipse.swt\EBWebView\Default
2026-08-10 17:09:36.594: [INFO] Profiles total count: 1
2026-08-10 17:09:36.594: [INFO] Profile: name=Profile 1 path=C:\Users\16184\Desktop\TFPDManagerDB\.metadata\.plugins\org.eclipse.swt\EBWebView\Default lastActive=2026-08-09T20:45:26.255Z
2026-08-10 17:09:36.594: [INFO] LastUsedProfileDir: C:\Users\16184\Desktop\TFPDManagerDB\.metadata\.plugins\org.eclipse.swt\EBWebView\Default
2026-08-10 17:09:36.595: [INFO] MostRecentlyActiveProfile: name=Profile 1 path=C:\Users\16184\Desktop\TFPDManagerDB\.metadata\.plugins\org.eclipse.swt\EBWebView\Default lastActive=2026-08-09T20:45:26.255Z
2026-08-10 17:09:36.595: [INFO] OnDoneLoading sync enabled: 0
2026-08-10 17:09:36.595: [INFO] BookmarkModelLoaded, ids_reassigned: 0
2026-08-10 17:09:36.595: [INFO] BookmarksLoadDropped droppedNodes=0
2026-08-10 17:09:36.595: [INFO] BookmarksSnapshot Startup total=0 bar=0 other=0 mobile=0 showBar=0 showBarNTP=1
2026-08-10 17:09:42.441: [INFO] BookmarksSnapshot Shutdown total=0 bar=0 other=0 mobile=0 showBar=0 showBarNTP=1
2026-08-10 17:12:35.833: [INFO] CurrentProfilePath: C:\Users\16184\Desktop\TFPDManagerDB\.metadata\.plugins\org.eclipse.swt\EBWebView\Default
2026-08-10 17:12:35.833: [INFO] Profiles total count: 1
2026-08-10 17:12:35.834: [INFO] Profile: name=Profile 1 path=C:\Users\16184\Desktop\TFPDManagerDB\.metadata\.plugins\org.eclipse.swt\EBWebView\Default lastActive=2026-08-09T20:45:26.255Z
2026-08-10 17:12:35.834: [INFO] LastUsedProfileDir: C:\Users\16184\Desktop\TFPDManagerDB\.metadata\.plugins\org.eclipse.swt\EBWebView\Default
2026-08-10 17:12:35.834: [INFO] MostRecentlyActiveProfile: name=Profile 1 path=C:\Users\16184\Desktop\TFPDManagerDB\.metadata\.plugins\org.eclipse.swt\EBWebView\Default lastActive=2026-08-09T20:45:26.255Z
2026-08-10 17:12:35.834: [INFO] OnDoneLoading sync enabled: 0
2026-08-10 17:12:35.834: [INFO] BookmarkModelLoaded, ids_reassigned: 0
2026-08-10 17:12:35.834: [INFO] BookmarksLoadDropped droppedNodes=0
2026-08-10 17:12:35.834: [INFO] BookmarksSnapshot Startup total=0 bar=0 other=0 mobile=0 showBar=0 showBarNTP=1
2026-08-10 17:19:59.039: [INFO] BookmarksSnapshot Shutdown total=0 bar=0 other=0 mobile=0 showBar=0 showBarNTP=1
2026-08-10 17:21:57.750: [INFO] CurrentProfilePath: C:\Users\16184\Desktop\TFPDManagerDB\.metadata\.plugins\org.eclipse.swt\EBWebView\Default
2026-08-10 17:21:57.750: [INFO] Profiles total count: 1
2026-08-10 17:21:57.750: [INFO] Profile: name=Profile 1 path=C:\Users\16184\Desktop\TFPDManagerDB\.metadata\.plugins\org.eclipse.swt\EBWebView\Default lastActive=2026-08-09T20:45:26.255Z
2026-08-10 17:21:57.750: [INFO] LastUsedProfileDir: C:\Users\16184\Desktop\TFPDManagerDB\.metadata\.plugins\org.eclipse.swt\EBWebView\Default
2026-08-10 17:21:57.750: [INFO] MostRecentlyActiveProfile: name=Profile 1 path=C:\Users\16184\Desktop\TFPDManagerDB\.metadata\.plugins\org.eclipse.swt\EBWebView\Default lastActive=2026-08-09T20:45:26.255Z
2026-08-10 17:21:57.750: [INFO] OnDoneLoading sync enabled: 0
2026-08-10 17:21:57.750: [INFO] BookmarkModelLoaded, ids_reassigned: 0
2026-08-10 17:21:57.750: [INFO] BookmarksLoadDropped droppedNodes=0
2026-08-10 17:21:57.750: [INFO] BookmarksSnapshot Startup total=0 bar=0 other=0 mobile=0 showBar=0 showBarNTP=1
2026-08-10 17:22:01.256: [INFO] BookmarksSnapshot Shutdown total=0 bar=0 other=0 mobile=0 showBar=0 showBarNTP=1
2026-08-10 17:27:53.421: [INFO] CurrentProfilePath: C:\Users\16184\Desktop\TFPDManagerDB\.metadata\.plugins\org.eclipse.swt\EBWebView\Default
2026-08-10 17:27:53.422: [INFO] Profiles total count: 1
2026-08-10 17:27:53.422: [INFO] Profile: name=Profile 1 path=C:\Users\16184\Desktop\TFPDManagerDB\.metadata\.plugins\org.eclipse.swt\EBWebView\Default lastActive=2026-08-09T20:45:26.255Z
2026-08-10 17:27:53.422: [INFO] LastUsedProfileDir: C:\Users\16184\Desktop\TFPDManagerDB\.metadata\.plugins\org.eclipse.swt\EBWebView\Default
2026-08-10 17:27:53.422: [INFO] MostRecentlyActiveProfile: name=Profile 1 path=C:\Users\16184\Desktop\TFPDManagerDB\.metadata\.plugins\org.eclipse.swt\EBWebView\Default lastActive=2026-08-09T20:45:26.255Z
2026-08-10 17:27:53.422: [INFO] OnDoneLoading sync enabled: 0
2026-08-10 17:27:53.422: [INFO] BookmarkModelLoaded, ids_reassigned: 0
2026-08-10 17:27:53.422: [INFO] BookmarksLoadDropped droppedNodes=0
2026-08-10 17:27:53.422: [INFO] BookmarksSnapshot Startup total=0 bar=0 other=0 mobile=0 showBar=0 showBarNTP=1
2026-08-10 17:29:18.743: [INFO] BookmarksSnapshot Shutdown total=0 bar=0 other=0 mobile=0 showBar=0 showBarNTP=1
2026-08-11 17:53:38.360: [INFO] CurrentProfilePath: C:\Users\16184\Desktop\TFPDManagerDB\.metadata\.plugins\org.eclipse.swt\EBWebView\Default
2026-08-11 17:53:38.360: [INFO] Profiles total count: 1
2026-08-11 17:53:38.361: [INFO] Profile: name=Profile 1 path=C:\Users\16184\Desktop\TFPDManagerDB\.metadata\.plugins\org.eclipse.swt\EBWebView\Default lastActive=2026-08-09T20:45:26.255Z
2026-08-11 17:53:38.361: [INFO] LastUsedProfileDir: C:\Users\16184\Desktop\TFPDManagerDB\.metadata\.plugins\org.eclipse.swt\EBWebView\Default
2026-08-11 17:53:38.361: [INFO] MostRecentlyActiveProfile: name=Profile 1 path=C:\Users\16184\Desktop\TFPDManagerDB\.metadata\.plugins\org.eclipse.swt\EBWebView\Default lastActive=2026-08-09T20:45:26.255Z
2026-08-11 17:53:38.361: [INFO] OnDoneLoading sync enabled: 0
2026-08-11 17:53:38.361: [INFO] BookmarkModelLoaded, ids_reassigned: 0
2026-08-11 17:53:38.361: [INFO] BookmarksLoadDropped droppedNodes=0
2026-08-11 17:53:38.361: [INFO] BookmarksSnapshot Startup total=0 bar=0 other=0 mobile=0 showBar=0 showBarNTP=1
2026-08-11 19:13:13.459: [INFO] BookmarksSnapshot Shutdown total=0 bar=0 other=0 mobile=0 showBar=0 showBarNTP=1
2026-08-12 11:49:05.423: [INFO] CurrentProfilePath: C:\Users\16184\Desktop\TFPDManagerDB\.metadata\.plugins\org.eclipse.swt\EBWebView\Default
2026-08-12 11:49:05.423: [INFO] Profiles total count: 1
2026-08-12 11:49:05.424: [INFO] Profile: name=Profile 1 path=C:\Users\16184\Desktop\TFPDManagerDB\.metadata\.plugins\org.eclipse.swt\EBWebView\Default lastActive=2026-08-11T17:53:48.282Z
2026-08-12 11:49:05.424: [INFO] LastUsedProfileDir: C:\Users\16184\Desktop\TFPDManagerDB\.metadata\.plugins\org.eclipse.swt\EBWebView\Default
2026-08-12 11:49:05.424: [INFO] MostRecentlyActiveProfile: name=Profile 1 path=C:\Users\16184\Desktop\TFPDManagerDB\.metadata\.plugins\org.eclipse.swt\EBWebView\Default lastActive=2026-08-11T17:53:48.282Z
2026-08-12 11:49:05.424: [INFO] OnDoneLoading sync enabled: 0
2026-08-12 11:49:05.424: [INFO] BookmarkModelLoaded, ids_reassigned: 0
2026-08-12 11:49:05.424: [INFO] BookmarksLoadDropped droppedNodes=0
2026-08-12 11:49:05.424: [INFO] BookmarksSnapshot Startup total=0 bar=0 other=0 mobile=0 showBar=0 showBarNTP=1
2026-08-12 12:33:21.699: [INFO] BookmarksSnapshot Shutdown total=0 bar=0 other=0 mobile=0 showBar=0 showBarNTP=1
2026-08-12 20:17:40.424: [INFO] CurrentProfilePath: C:\Users\16184\Desktop\TFPDManagerDB\.metadata\.plugins\org.eclipse.swt\EBWebView\Default
2026-08-12 20:17:40.424: [INFO] Profiles total count: 1
2026-08-12 20:17:40.424: [INFO] Profile: name=Profile 1 path=C:\Users\16184\Desktop\TFPDManagerDB\.metadata\.plugins\org.eclipse.swt\EBWebView\Default lastActive=2026-08-12T11:49:40.608Z
2026-08-12 20:17:40.424: [INFO] LastUsedProfileDir: C:\Users\16184\Desktop\TFPDManagerDB\.metadata\.plugins\org.eclipse.swt\EBWebView\Default
2026-08-12 20:17:40.424: [INFO] MostRecentlyActiveProfile: name=Profile 1 path=C:\Users\16184\Desktop\TFPDManagerDB\.metadata\.plugins\org.eclipse.swt\EBWebView\Default lastActive=2026-08-12T11:49:40.608Z
2026-08-12 20:17:40.424: [INFO] OnDoneLoading sync enabled: 0
2026-08-12 20:17:40.424: [INFO] BookmarkModelLoaded, ids_reassigned: 0
2026-08-12 20:17:40.424: [INFO] BookmarksLoadDropped droppedNodes=0
2026-08-12 20:17:40.424: [INFO] BookmarksSnapshot Startup total=0 bar=0 other=0 mobile=0 showBar=0 showBarNTP=1
2026-08-12 20:35:50.272: [INFO] BookmarksSnapshot Shutdown total=0 bar=0 other=0 mobile=0 showBar=0 showBarNTP=1
2026-08-12 20:36:44.620: [INFO] CurrentProfilePath: C:\Users\16184\Desktop\TFPDManagerDB\.metadata\.plugins\org.eclipse.swt\EBWebView\Default
2026-08-12 20:36:44.621: [INFO] Profiles total count: 1
2026-08-12 20:36:44.624: [INFO] Profile: name=Profile 1 path=C:\Users\16184\Desktop\TFPDManagerDB\.metadata\.plugins\org.eclipse.swt\EBWebView\Default lastActive=2026-08-12T11:49:40.608Z
2026-08-12 20:36:44.624: [INFO] LastUsedProfileDir: C:\Users\16184\Desktop\TFPDManagerDB\.metadata\.plugins\org.eclipse.swt\EBWebView\Default
2026-08-12 20:36:44.624: [INFO] MostRecentlyActiveProfile: name=Profile 1 path=C:\Users\16184\Desktop\TFPDManagerDB\.metadata\.plugins\org.eclipse.swt\EBWebView\Default lastActive=2026-08-12T11:49:40.608Z
2026-08-12 20:36:44.624: [INFO] OnDoneLoading sync enabled: 0
2026-08-12 20:36:44.624: [INFO] BookmarkModelLoaded, ids_reassigned: 0
2026-08-12 20:36:44.624: [INFO] BookmarksLoadDropped droppedNodes=0
2026-08-12 20:36:44.624: [INFO] BookmarksSnapshot Startup total=0 bar=0 other=0 mobile=0 showBar=0 showBarNTP=1
2026-08-12 21:16:23.503: [INFO] BookmarksSnapshot Shutdown total=0 bar=0 other=0 mobile=0 showBar=0 showBarNTP=1
2026-08-14 12:37:41.572: [INFO] CurrentProfilePath: C:\Users\16184\Desktop\TFPDManagerDB\.metadata\.plugins\org.eclipse.swt\EBWebView\Default
2026-08-14 12:37:41.572: [INFO] Profiles total count: 1
2026-08-14 12:37:41.573: [INFO] Profile: name=Profile 1 path=C:\Users\16184\Desktop\TFPDManagerDB\.metadata\.plugins\org.eclipse.swt\EBWebView\Default lastActive=2026-08-12T11:49:40.608Z
2026-08-14 12:37:41.573: [INFO] LastUsedProfileDir: C:\Users\16184\Desktop\TFPDManagerDB\.metadata\.plugins\org.eclipse.swt\EBWebView\Default
2026-08-14 12:37:41.573: [INFO] MostRecentlyActiveProfile: name=Profile 1 path=C:\Users\16184\Desktop\TFPDManagerDB\.metadata\.plugins\org.eclipse.swt\EBWebView\Default lastActive=2026-08-12T11:49:40.608Z
2026-08-14 12:37:41.573: [INFO] OnDoneLoading sync enabled: 0
2026-08-14 12:37:41.573: [INFO] BookmarkModelLoaded, ids_reassigned: 0
2026-08-14 12:37:41.573: [INFO] BookmarksLoadDropped droppedNodes=0
2026-08-14 12:37:41.573: [INFO] BookmarksSnapshot Startup total=0 bar=0 other=0 mobile=0 showBar=0 showBarNTP=1
2026-08-14 12:56:29.478: [INFO] BookmarksSnapshot Shutdown total=0 bar=0 other=0 mobile=0 showBar=0 showBarNTP=1
2026-08-14 13:10:43.860: [INFO] CurrentProfilePath: C:\Users\16184\Desktop\TFPDManagerDB\.metadata\.plugins\org.eclipse.swt\EBWebView\Default
2026-08-14 13:10:43.860: [INFO] Profiles total count: 1
2026-08-14 13:10:43.862: [INFO] Profile: name=Profile 1 path=C:\Users\16184\Desktop\TFPDManagerDB\.metadata\.plugins\org.eclipse.swt\EBWebView\Default lastActive=2026-08-14T12:37:44.569Z
2026-08-14 13:10:43.862: [INFO] LastUsedProfileDir: C:\Users\16184\Desktop\TFPDManagerDB\.metadata\.plugins\org.eclipse.swt\EBWebView\Default
2026-08-14 13:10:43.863: [INFO] MostRecentlyActiveProfile: name=Profile 1 path=C:\Users\16184\Desktop\TFPDManagerDB\.metadata\.plugins\org.eclipse.swt\EBWebView\Default lastActive=2026-08-14T12:37:44.569Z
2026-08-14 13:10:43.863: [INFO] OnDoneLoading sync enabled: 0
2026-08-14 13:10:43.863: [INFO] BookmarkModelLoaded, ids_reassigned: 0
2026-08-14 13:10:43.863: [INFO] BookmarksLoadDropped droppedNodes=0
2026-08-14 13:10:43.863: [INFO] BookmarksSnapshot Startup total=0 bar=0 other=0 mobile=0 showBar=0 showBarNTP=1
2026-08-14 13:34:43.036: [INFO] BookmarksSnapshot Shutdown total=0 bar=0 other=0 mobile=0 showBar=0 showBarNTP=1
